// Jest Snapshot v1, https://goo.gl/fbAQLP

exports[`should render Input 1`] = `
<div
  className="group"
>
  <input
    className="field"
    placeholder="test"
  />
  <label
    className="label"
  >
    test
  </label>
</div>
`;
