// Jest Snapshot v1, https://goo.gl/fbAQLP

exports[`should render content properly 1`] = `
<div
  className="cont slide"
  id="content"
>
  <div
    className="cont"
  >
    <div>
      <p
        className="h1 head"
      >
        Hello World... 
      </p>
      <h2
        className="h1 head name"
      >
        I am 
        <span
          className="green"
        >
          S
        </span>
        akshi 
        <span
          className="orange"
        >
          S
        </span>
        hreya
        ,
      </h2>
      <p
        className="h1 head"
      >
        Web Developer
      </p>
      <p
        className="h2"
      >
        and Mentor.
      </p>
      <p
        className="psText"
      >
        I can develop responsive and pixel-perfect websites. I love what I do. I can mentor you to be the same.
      </p>
      <a
        className="btn secondary small border help"
        href="#/"
        onClick={[Function]}
      >
        How can I help you?
      </a>
    </div>
  </div>
</div>
`;
