// Jest Snapshot v1, https://goo.gl/fbAQLP

exports[`should render Name 1`] = `
Array [
  <span
    className="green"
    data-testid="green"
  >
    S
  </span>,
  "akshi",
  " ",
  <span
    className="orange"
    data-testid="orange"
  >
    S
  </span>,
  "hreya",
]
`;
